// Jest Snapshot v1, https://goo.gl/fbAQLP

exports[`<ResearchContainer />  renders the container without crashing 1`] = `
<AddResearch
  addResearch={[Function]}
  history={
    Object {
      "push": [MockFunction],
    }
  }
  loading={true}
  payload={Object {}}
  research={
    Object {
      "payload": Object {
        "status": "success",
      },
    }
  }
>
  <div>
    <ResearchForm
      disabled={true}
      fileName=""
      loading={true}
      onChange={[Function]}
      onSubmit={[Function]}
    >
      <Form
        as="form"
        id="research-main-content"
        loading={true}
        onSubmit={[Function]}
      >
        <form
          className="ui loading form"
          id="research-main-content"
          onSubmit={[Function]}
        >
          <FormGroup
            widths="equal"
          >
            <div
              className="equal width fields"
            >
              <FormField>
                <div
                  className="field"
                >
                  <FileInput
                    className="test"
                    id="researchFile"
                    label="Upload file"
                    name="researchFile"
                    onChange={[Function]}
                    placeholder="Select a file"
                    value=""
                  >
                    <div
                      className="field test"
                    >
                      <label
                        htmlFor="researchFile"
                      >
                        Upload file
                      </label>
                      <div
                        className="form__file-area"
                      >
                        <input
                          className="form__file-input"
                          id="researchFile"
                          name="researchFile"
                          onChange={[Function]}
                          type="file"
                        />
                        <span
                          className="form__custom-file-input"
                        >
                          Select a file
                        </span>
                      </div>
                    </div>
                  </FileInput>
                </div>
              </FormField>
              <FormInput
                as={[Function]}
                className="form__text-input"
                control={[Function]}
                defaultValue=""
                fluid={true}
                label="Research title"
                name="title"
                onChange={[Function]}
                placeholder="Research carried out last year"
                required={true}
                type="text"
              >
                <FormField
                  className="form__text-input"
                  control={[Function]}
                  defaultValue=""
                  fluid={true}
                  label="Research title"
                  name="title"
                  onChange={[Function]}
                  placeholder="Research carried out last year"
                  required={true}
                  type="text"
                >
                  <div
                    className="required field form__text-input"
                  >
                    <label>
                      Research title
                    </label>
                    <Input
                      defaultValue=""
                      fluid={true}
                      name="title"
                      onChange={[Function]}
                      placeholder="Research carried out last year"
                      required={true}
                      type="text"
                    >
                      <div
                        className="ui fluid input"
                      >
                        <input
                          defaultValue=""
                          name="title"
                          onChange={[Function]}
                          placeholder="Research carried out last year"
                          required={true}
                          type="text"
                        />
                      </div>
                    </Input>
                  </div>
                </FormField>
              </FormInput>
            </div>
          </FormGroup>
          <FormButton
            as={[Function]}
            className="btn__upload disable-btn-area"
            control={[Function]}
            disabled={true}
            id="research__upload__btn"
            type="submit"
          >
            <FormField
              className="btn__upload disable-btn-area"
              control={[Function]}
              disabled={true}
              id="research__upload__btn"
              type="submit"
            >
              <div
                className="disabled field btn__upload disable-btn-area"
              >
                <Button
                  as="button"
                  disabled={true}
                  id="research__upload__btn"
                  type="submit"
                >
                  <button
                    className="ui disabled button"
                    disabled={true}
                    id="research__upload__btn"
                    onClick={[Function]}
                    tabIndex={-1}
                    type="submit"
                  >
                    Upload Research
                  </button>
                </Button>
              </div>
            </FormField>
          </FormButton>
        </form>
      </Form>
    </ResearchForm>
  </div>
</AddResearch>
`;
