// Jest Snapshot v1, https://goo.gl/fbAQLP

exports[`<ViewAllResearch />  renders the container without crashing 1`] = `
<div>
  <SimpleLoader
    loading={false}
  />
  <Search />
  <ResearchList
    results={
      Object {
        "next": true,
        "previous": true,
        "results": Array [
          "Research one",
        ],
      }
    }
  />
  <Pagination
    className="right floated events-pagination"
    data={
      Object {
        "next": true,
        "previous": true,
        "results": Array [
          "Research one",
        ],
      }
    }
    handlePageChange={
      [MockFunction] {
        "calls": Array [
          Array [],
        ],
        "results": Array [
          Object {
            "isThrow": false,
            "value": undefined,
          },
        ],
      }
    }
  />
</div>
`;
